задание 1
Определить алгоритм с наилучшим сжатием

sudo apt update && sudo apt install -y zfsutils-linux

vagrant@ZFS:~$ sudo zpool -V
zfs-0.8.3-1ubuntu12.6
zfs-kmod-0.8.3-1ubuntu12.5
vagrant@ZFS:~$ sudo zfs -V
zfs-0.8.3-1ubuntu12.6
zfs-kmod-0.8.3-1ubuntu12.5

vagrant@ZFS:~$ lsblk 
NAME   MAJ:MIN RM  SIZE RO TYPE MOUNTPOINT
loop0    7:0    0 69.9M  1 loop /snap/lxd/19188
loop1    7:1    0 55.4M  1 loop /snap/core18/1944
loop2    7:2    0 31.1M  1 loop /snap/snapd/10707
sda      8:0    0   40G  0 disk 
└─sda1   8:1    0   40G  0 part /
sdb      8:16   0   10M  0 disk 
sdc      8:32   0  200M  0 disk 
sdd      8:48   0  200M  0 disk 
sde      8:64   0  200M  0 disk 

vagrant@ZFS:~$ sudo zpool create -f ZPOOL mirror /dev/sdc /dev/sdd
vagrant@ZFS:~$ zpool list
NAME    SIZE  ALLOC   FREE  CKPOINT  EXPANDSZ   FRAG    CAP  DEDUP    HEALTH  ALTROOT
ZPOOL   176M   104K   176M        -         -     1%     0%  1.00x    ONLINE  -
vagrant@ZFS:~$ sudo zfs list
NAME    USED  AVAIL     REFER  MOUNTPOINT
ZPOOL    96K  87.9M       24K  /ZPOOL

vagrant@ZFS:~$ sudo zfs create ZPOOL/01
vagrant@ZFS:~$ sudo zfs create ZPOOL/02
vagrant@ZFS:~$ sudo zfs create ZPOOL/03
vagrant@ZFS:~$ sudo zfs create ZPOOL/04
vagrant@ZFS:~$ sudo zfs create ZPOOL/05
vagrant@ZFS:~$ zfs list
NAME       USED  AVAIL     REFER  MOUNTPOINT
ZPOOL      278K  87.7M       25K  /ZPOOL
ZPOOL/01    24K  87.7M       24K  /ZPOOL/01
ZPOOL/02    24K  87.7M       24K  /ZPOOL/02
ZPOOL/03    24K  87.7M       24K  /ZPOOL/03
ZPOOL/04    24K  87.7M       24K  /ZPOOL/04
ZPOOL/05    24K  87.7M       24K  /ZPOOL/05
vagrant@ZFS:~$ zfs mount 
ZPOOL                           /ZPOOL
ZPOOL/01                        /ZPOOL/01
ZPOOL/02                        /ZPOOL/02
ZPOOL/03                        /ZPOOL/03
ZPOOL/04                        /ZPOOL/04
ZPOOL/05                        /ZPOOL/05

vagrant@ZFS:~$ sudo zfs set compression=on ZPOOL/01
vagrant@ZFS:~$ sudo zfs set compression=lzjb ZPOOL/02
vagrant@ZFS:~$ sudo zfs set compression=gzip ZPOOL/03
vagrant@ZFS:~$ sudo zfs set compression=zle ZPOOL/04
vagrant@ZFS:~$ sudo zfs set compression=lz4 ZPOOL/05

vagrant@ZFS:~$ sudo cp /boot/vmlinuz-5.4.0-65-generic /ZPOOL/01
vagrant@ZFS:~$ sudo cp /boot/vmlinuz-5.4.0-65-generic /ZPOOL/02
vagrant@ZFS:~$ sudo cp /boot/vmlinuz-5.4.0-65-generic /ZPOOL/03
vagrant@ZFS:~$ sudo cp /boot/vmlinuz-5.4.0-65-generic /ZPOOL/04
vagrant@ZFS:~$ sudo cp /boot/vmlinuz-5.4.0-65-generic /ZPOOL/05

vagrant@ZFS:~$ sudo zfs get compression ZPOOL/01
NAME      PROPERTY     VALUE     SOURCE
ZPOOL/01  compression  on        local

vagrant@ZFS:~$ sudo zfs get compression ZPOOL/02
NAME      PROPERTY     VALUE     SOURCE
ZPOOL/02  compression  lzjb      local

vagrant@ZFS:~$ sudo zfs get compression ZPOOL/03
NAME      PROPERTY     VALUE     SOURCE
ZPOOL/03  compression  gzip      local

vagrant@ZFS:~$ sudo zfs get compression ZPOOL/04
NAME      PROPERTY     VALUE     SOURCE
ZPOOL/04  compression  zle       local

vagrant@ZFS:~$ sudo zfs get compression ZPOOL/05
NAME      PROPERTY     VALUE     SOURCE
ZPOOL/05  compression  lz4       local

vagrant@ZFS:~$ sudo zfs get compressratio ZPOOL/01
NAME      PROPERTY       VALUE  SOURCE
ZPOOL/01  compressratio  1.02x  -

vagrant@ZFS:~$ sudo zfs get compressratio ZPOOL/02
NAME      PROPERTY       VALUE  SOURCE
ZPOOL/02  compressratio  1.03x  -

vagrant@ZFS:~$ sudo zfs get compressratio ZPOOL/03
NAME      PROPERTY       VALUE  SOURCE
ZPOOL/03  compressratio  1.15x  -

vagrant@ZFS:~$ sudo zfs get compressratio ZPOOL/04
NAME      PROPERTY       VALUE  SOURCE
ZPOOL/04  compressratio  1.01x  -

vagrant@ZFS:~$ sudo zfs get compressratio ZPOOL/05
NAME      PROPERTY       VALUE  SOURCE
ZPOOL/05  compressratio  1.02x  -

Вывод:
из опробованных максимальной степенью сжатия обладает gzip c коэфицентом 1,15


===========================================================================================================

2. Определить настройки pool’a

vagrant@ZFS:~$ tar -xf zfs_task1.tar.gz 
vagrant@ZFS:~$ ls zpoolexport/
filea  fileb

vagrant@ZFS:~$ sudo zpool import -d zpoolexport/
   pool: otus
     id: 6554193320433390805
  state: ONLINE
 action: The pool can be imported using its name or numeric identifier.
 config:

	otus                                 ONLINE
	  mirror-0                           ONLINE
	    /home/vagrant/zpoolexport/filea  ONLINE
	    /home/vagrant/zpoolexport/fileb  ONLINE

vagrant@ZFS:~$ sudo zpool import -d zpoolexport/ otus




vagrant@ZFS:~$ sudo zpool list 
NAME   SIZE  ALLOC   FREE  CKPOINT  EXPANDSZ   FRAG    CAP  DEDUP    HEALTH  ALTROOT
otus   480M  2.09M   478M        -         -     0%     0%  1.00x    ONLINE  -
vagrant@ZFS:~$ sudo zfs list 
NAME             USED  AVAIL     REFER  MOUNTPOINT
otus            2.04M   350M       24K  /otus
otus/hometask2  1.88M   350M     1.88M  /otus/hometask2

vagrant@ZFS:~$ sudo zpool get size 
NAME  PROPERTY  VALUE  SOURCE
otus  size      480M   -


vagrant@ZFS:~$ sudo zfs get compression 
NAME            PROPERTY     VALUE     SOURCE
otus            compression  zle       local
otus/hometask2  compression  zle       inherited from otus

vagrant@ZFS:~$ sudo zfs get checksum 
NAME            PROPERTY  VALUE      SOURCE
otus            checksum  sha256     local
otus/hometask2  checksum  sha256     inherited from otus

vagrant@ZFS:~$ sudo zfs get recordsize 
NAME            PROPERTY    VALUE    SOURCE
otus            recordsize  128K     local
otus/hometask2  recordsize  128K     inherited from otus


vagrant@ZFS:~$ sudo zpool status 
  pool: otus
 state: ONLINE
  scan: none requested
config:

	NAME                                 STATE     READ WRITE CKSUM
	otus                                 ONLINE       0     0     0
	  mirror-0                           ONLINE       0     0     0
	    /home/vagrant/zpoolexport/filea  ONLINE       0     0     0
	    /home/vagrant/zpoolexport/fileb  ONLINE       0     0     0

errors: No known data errors

- размер хранилища = 480M
- тип pool = mirror-0                           
- значение recordsize = 128K
- какое сжатие используется = zle
- какая контрольная сумма используется  = sha256

================================================================================================

3. Найти сообщение от преподавателей 

vagrant@ZFS:~$ sudo zpool create -f otus mirror /dev/sdc /dev/sdd
vagrant@ZFS:~$ zpool list 
NAME   SIZE  ALLOC   FREE  CKPOINT  EXPANDSZ   FRAG    CAP  DEDUP    HEALTH  ALTROOT
otus   176M   110K   176M        -         -     1%     0%  1.00x    ONLINE  -
vagrant@ZFS:~$ zfs list 
NAME   USED  AVAIL     REFER  MOUNTPOINT
otus    87K  87.9M       24K  /otus

vagrant@ZFS:~$ sudo zfs receive otus/storage < otus_task2.file 
vagrant@ZFS:~$ zfs list
NAME           USED  AVAIL     REFER  MOUNTPOINT
otus          3.80M  84.2M       24K  /otus
otus/storage  3.69M  84.2M     3.69M  /otus/storage

vagrant@ZFS:/otus/storage$ cat task1/file_mess/secret_message 

Сообщение от преподавателя
https://github.com/sindresorhus/awesome






